run log: docs/runs/RUN-20260810T095723Z-apply_v9_round.log
HEAD: d219202  (expect d219202)
payload + file md5 OK
compile OK

question                                               chars  est tok
  Q1 does-inherited-constraint-resolve-or-relocate       8141     2713
  Q2 do-limitations-do-work-or-wrap-failures             8758     2919
  Q3 authorization-graph-cycles-expiry-retroactivity     8335     2778
  Q4 identity-equivalence-aliases-and-unresolved         8905     2968
  Q5 seed-authority-who-drafts-approves-and-relies      10382     3460
  Q6 what-the-labels-mean-to-a-reader                    7998     2666
  Q7 are-the-documents-own-challenge-questions-still-fit    7827     2609
  Q8 what-this-question-set-was-built-to-miss           50286    16762

largest: Q8 at 16762 est input tokens
PRE-FLIGHT: python3 preflight_prompt.py docs/comparisons/comp_v9/Q8-what-this-question-set-was-built-to-miss.txt

capabilities: 16
open_gaps: 4
  "ok": true,
  "verification_outcome": "verified_current"
......                                                                   [100%]
726 passed in 32.73s

NEXT, in order:
  1. PRE-FLIGHT Q8. It carries the whole document at ~16.8k input tokens,
     above the 12.5k that returned nothing in COMP-0038:
       python3 preflight_prompt.py docs/comparisons/comp_v9/Q8-what-this-question-set-was-built-to-miss.txt
  2. If Q8 is COMPLETE -> bash run_v9_round.sh
     If Q8 TRUNCATES  -> run questions 1-7 and report; Q8 needs splitting.
  3. This is the first round whose records carry stop_reason. Read the
     outcome line on each capture; do not infer completeness from length.
